------------------------------------------------------------
TimeQuest Timing Analyzer Summary
------------------------------------------------------------

Type  : Slow 1100mV 85C Model Setup 'CLOCK_50'
Slack : -4.828
TNS   : -90.826

Type  : Slow 1100mV 85C Model Setup 'tick_50000:TICK0|CLK_OUT'
Slack : -2.650
TNS   : -63.464

Type  : Slow 1100mV 85C Model Setup 'tick_2500:TICK1|CLK_OUT'
Slack : -2.004
TNS   : -18.612

Type  : Slow 1100mV 85C Model Setup 'formula_fsm:FSM|state.LIGHT_UP_LEDS'
Slack : -1.489
TNS   : -1.489

Type  : Slow 1100mV 85C Model Hold 'tick_50000:TICK0|CLK_OUT'
Slack : 0.283
TNS   : 0.000

Type  : Slow 1100mV 85C Model Hold 'CLOCK_50'
Slack : 0.376
TNS   : 0.000

Type  : Slow 1100mV 85C Model Hold 'formula_fsm:FSM|state.LIGHT_UP_LEDS'
Slack : 0.424
TNS   : 0.000

Type  : Slow 1100mV 85C Model Hold 'tick_2500:TICK1|CLK_OUT'
Slack : 0.523
TNS   : 0.000

Type  : Slow 1100mV 85C Model Minimum Pulse Width 'CLOCK_50'
Slack : -0.636
TNS   : -25.765

Type  : Slow 1100mV 85C Model Minimum Pulse Width 'tick_50000:TICK0|CLK_OUT'
Slack : -0.394
TNS   : -14.976

Type  : Slow 1100mV 85C Model Minimum Pulse Width 'tick_2500:TICK1|CLK_OUT'
Slack : -0.394
TNS   : -5.130

Type  : Slow 1100mV 85C Model Minimum Pulse Width 'formula_fsm:FSM|state.LIGHT_UP_LEDS'
Slack : 0.404
TNS   : 0.000

Type  : Slow 1100mV 0C Model Setup 'CLOCK_50'
Slack : -4.731
TNS   : -86.467

Type  : Slow 1100mV 0C Model Setup 'tick_50000:TICK0|CLK_OUT'
Slack : -2.603
TNS   : -61.065

Type  : Slow 1100mV 0C Model Setup 'tick_2500:TICK1|CLK_OUT'
Slack : -1.916
TNS   : -17.960

Type  : Slow 1100mV 0C Model Setup 'formula_fsm:FSM|state.LIGHT_UP_LEDS'
Slack : -1.373
TNS   : -1.373

Type  : Slow 1100mV 0C Model Hold 'formula_fsm:FSM|state.LIGHT_UP_LEDS'
Slack : 0.283
TNS   : 0.000

Type  : Slow 1100mV 0C Model Hold 'tick_50000:TICK0|CLK_OUT'
Slack : 0.287
TNS   : 0.000

Type  : Slow 1100mV 0C Model Hold 'CLOCK_50'
Slack : 0.389
TNS   : 0.000

Type  : Slow 1100mV 0C Model Hold 'tick_2500:TICK1|CLK_OUT'
Slack : 0.530
TNS   : 0.000

Type  : Slow 1100mV 0C Model Minimum Pulse Width 'CLOCK_50'
Slack : -0.690
TNS   : -23.719

Type  : Slow 1100mV 0C Model Minimum Pulse Width 'tick_50000:TICK0|CLK_OUT'
Slack : -0.394
TNS   : -14.868

Type  : Slow 1100mV 0C Model Minimum Pulse Width 'tick_2500:TICK1|CLK_OUT'
Slack : -0.394
TNS   : -5.140

Type  : Slow 1100mV 0C Model Minimum Pulse Width 'formula_fsm:FSM|state.LIGHT_UP_LEDS'
Slack : 0.384
TNS   : 0.000

Type  : Fast 1100mV 85C Model Setup 'CLOCK_50'
Slack : -4.046
TNS   : -58.106

Type  : Fast 1100mV 85C Model Setup 'tick_2500:TICK1|CLK_OUT'
Slack : -1.373
TNS   : -12.517

Type  : Fast 1100mV 85C Model Setup 'tick_50000:TICK0|CLK_OUT'
Slack : -1.359
TNS   : -32.665

Type  : Fast 1100mV 85C Model Setup 'formula_fsm:FSM|state.LIGHT_UP_LEDS'
Slack : -0.480
TNS   : -0.480

Type  : Fast 1100mV 85C Model Hold 'tick_50000:TICK0|CLK_OUT'
Slack : 0.023
TNS   : 0.000

Type  : Fast 1100mV 85C Model Hold 'tick_2500:TICK1|CLK_OUT'
Slack : 0.061
TNS   : 0.000

Type  : Fast 1100mV 85C Model Hold 'formula_fsm:FSM|state.LIGHT_UP_LEDS'
Slack : 0.092
TNS   : 0.000

Type  : Fast 1100mV 85C Model Hold 'CLOCK_50'
Slack : 0.182
TNS   : 0.000

Type  : Fast 1100mV 85C Model Minimum Pulse Width 'CLOCK_50'
Slack : -0.760
TNS   : -18.549

Type  : Fast 1100mV 85C Model Minimum Pulse Width 'tick_50000:TICK0|CLK_OUT'
Slack : 0.049
TNS   : 0.000

Type  : Fast 1100mV 85C Model Minimum Pulse Width 'tick_2500:TICK1|CLK_OUT'
Slack : 0.131
TNS   : 0.000

Type  : Fast 1100mV 85C Model Minimum Pulse Width 'formula_fsm:FSM|state.LIGHT_UP_LEDS'
Slack : 0.469
TNS   : 0.000

Type  : Fast 1100mV 0C Model Setup 'CLOCK_50'
Slack : -3.445
TNS   : -47.547

Type  : Fast 1100mV 0C Model Setup 'tick_2500:TICK1|CLK_OUT'
Slack : -1.171
TNS   : -10.740

Type  : Fast 1100mV 0C Model Setup 'tick_50000:TICK0|CLK_OUT'
Slack : -1.164
TNS   : -27.696

Type  : Fast 1100mV 0C Model Setup 'formula_fsm:FSM|state.LIGHT_UP_LEDS'
Slack : -0.362
TNS   : -0.362

Type  : Fast 1100mV 0C Model Hold 'tick_50000:TICK0|CLK_OUT'
Slack : 0.013
TNS   : 0.000

Type  : Fast 1100mV 0C Model Hold 'formula_fsm:FSM|state.LIGHT_UP_LEDS'
Slack : 0.014
TNS   : 0.000

Type  : Fast 1100mV 0C Model Hold 'tick_2500:TICK1|CLK_OUT'
Slack : 0.024
TNS   : 0.000

Type  : Fast 1100mV 0C Model Hold 'CLOCK_50'
Slack : 0.172
TNS   : 0.000

Type  : Fast 1100mV 0C Model Minimum Pulse Width 'CLOCK_50'
Slack : -0.812
TNS   : -22.016

Type  : Fast 1100mV 0C Model Minimum Pulse Width 'tick_50000:TICK0|CLK_OUT'
Slack : 0.076
TNS   : 0.000

Type  : Fast 1100mV 0C Model Minimum Pulse Width 'tick_2500:TICK1|CLK_OUT'
Slack : 0.135
TNS   : 0.000

Type  : Fast 1100mV 0C Model Minimum Pulse Width 'formula_fsm:FSM|state.LIGHT_UP_LEDS'
Slack : 0.465
TNS   : 0.000

------------------------------------------------------------
