------------------------------------------------------------
TimeQuest Timing Analyzer Summary
------------------------------------------------------------

Type  : Slow 1100mV 85C Model Setup 'tick_50000:TICK0|CLK_OUT'
Slack : -3.933
TNS   : -177.510

Type  : Slow 1100mV 85C Model Setup 'formula_fsm:FSM|state.LIGHT_UP_LEDS'
Slack : -2.353
TNS   : -2.353

Type  : Slow 1100mV 85C Model Setup 'CLOCK_50'
Slack : -2.198
TNS   : -38.652

Type  : Slow 1100mV 85C Model Hold 'tick_50000:TICK0|CLK_OUT'
Slack : 0.222
TNS   : 0.000

Type  : Slow 1100mV 85C Model Hold 'CLOCK_50'
Slack : 0.381
TNS   : 0.000

Type  : Slow 1100mV 85C Model Hold 'formula_fsm:FSM|state.LIGHT_UP_LEDS'
Slack : 1.023
TNS   : 0.000

Type  : Slow 1100mV 85C Model Minimum Pulse Width 'CLOCK_50'
Slack : -0.658
TNS   : -17.489

Type  : Slow 1100mV 85C Model Minimum Pulse Width 'tick_50000:TICK0|CLK_OUT'
Slack : -0.394
TNS   : -41.338

Type  : Slow 1100mV 85C Model Minimum Pulse Width 'formula_fsm:FSM|state.LIGHT_UP_LEDS'
Slack : 0.439
TNS   : 0.000

Type  : Slow 1100mV 0C Model Setup 'tick_50000:TICK0|CLK_OUT'
Slack : -3.867
TNS   : -173.770

Type  : Slow 1100mV 0C Model Setup 'CLOCK_50'
Slack : -2.391
TNS   : -39.269

Type  : Slow 1100mV 0C Model Setup 'formula_fsm:FSM|state.LIGHT_UP_LEDS'
Slack : -2.208
TNS   : -2.208

Type  : Slow 1100mV 0C Model Hold 'tick_50000:TICK0|CLK_OUT'
Slack : 0.218
TNS   : 0.000

Type  : Slow 1100mV 0C Model Hold 'CLOCK_50'
Slack : 0.401
TNS   : 0.000

Type  : Slow 1100mV 0C Model Hold 'formula_fsm:FSM|state.LIGHT_UP_LEDS'
Slack : 0.821
TNS   : 0.000

Type  : Slow 1100mV 0C Model Minimum Pulse Width 'CLOCK_50'
Slack : -0.707
TNS   : -16.083

Type  : Slow 1100mV 0C Model Minimum Pulse Width 'tick_50000:TICK0|CLK_OUT'
Slack : -0.394
TNS   : -42.153

Type  : Slow 1100mV 0C Model Minimum Pulse Width 'formula_fsm:FSM|state.LIGHT_UP_LEDS'
Slack : 0.422
TNS   : 0.000

Type  : Fast 1100mV 85C Model Setup 'tick_50000:TICK0|CLK_OUT'
Slack : -2.263
TNS   : -94.992

Type  : Fast 1100mV 85C Model Setup 'formula_fsm:FSM|state.LIGHT_UP_LEDS'
Slack : -1.029
TNS   : -1.029

Type  : Fast 1100mV 85C Model Setup 'CLOCK_50'
Slack : -1.002
TNS   : -13.129

Type  : Fast 1100mV 85C Model Hold 'tick_50000:TICK0|CLK_OUT'
Slack : 0.065
TNS   : 0.000

Type  : Fast 1100mV 85C Model Hold 'CLOCK_50'
Slack : 0.184
TNS   : 0.000

Type  : Fast 1100mV 85C Model Hold 'formula_fsm:FSM|state.LIGHT_UP_LEDS'
Slack : 0.518
TNS   : 0.000

Type  : Fast 1100mV 85C Model Minimum Pulse Width 'CLOCK_50'
Slack : -0.771
TNS   : -12.597

Type  : Fast 1100mV 85C Model Minimum Pulse Width 'tick_50000:TICK0|CLK_OUT'
Slack : -0.035
TNS   : -1.610

Type  : Fast 1100mV 85C Model Minimum Pulse Width 'formula_fsm:FSM|state.LIGHT_UP_LEDS'
Slack : 0.481
TNS   : 0.000

Type  : Fast 1100mV 0C Model Setup 'tick_50000:TICK0|CLK_OUT'
Slack : -1.967
TNS   : -82.047

Type  : Fast 1100mV 0C Model Setup 'CLOCK_50'
Slack : -0.958
TNS   : -11.100

Type  : Fast 1100mV 0C Model Setup 'formula_fsm:FSM|state.LIGHT_UP_LEDS'
Slack : -0.846
TNS   : -0.846

Type  : Fast 1100mV 0C Model Hold 'tick_50000:TICK0|CLK_OUT'
Slack : 0.049
TNS   : 0.000

Type  : Fast 1100mV 0C Model Hold 'CLOCK_50'
Slack : 0.175
TNS   : 0.000

Type  : Fast 1100mV 0C Model Hold 'formula_fsm:FSM|state.LIGHT_UP_LEDS'
Slack : 0.366
TNS   : 0.000

Type  : Fast 1100mV 0C Model Minimum Pulse Width 'CLOCK_50'
Slack : -0.807
TNS   : -14.887

Type  : Fast 1100mV 0C Model Minimum Pulse Width 'tick_50000:TICK0|CLK_OUT'
Slack : -0.016
TNS   : -0.422

Type  : Fast 1100mV 0C Model Minimum Pulse Width 'formula_fsm:FSM|state.LIGHT_UP_LEDS'
Slack : 0.477
TNS   : 0.000

------------------------------------------------------------
